// Jest Snapshot v1, https://goo.gl/fbAQLP

exports[`SubNav component should match snapshot 1`] = `
.c11 {
  display: -webkit-box;
  display: -webkit-flex;
  display: -ms-flexbox;
  display: flex;
  -webkit-box-flex: 1;
  -webkit-flex-grow: 1;
  -ms-flex-positive: 1;
  flex-grow: 1;
  min-width: 18em;
  position: relative;
  padding: 8px;
}

.c14 {
  -webkit-flex: 0 0 2em;
  -ms-flex: 0 0 2em;
  flex: 0 0 2em;
  height: 2em;
  width: 2em;
}

.c13 {
  border: none;
  border-bottom: 2px solid;
  border-color: #767676;
  -webkit-flex: 1;
  -ms-flex: 1;
  flex: 1;
  font-family: Roboto,san-serif;
  font-size: 1em;
  font-weight: 400;
  line-height: 1.65;
  outline: none;
}

.c13:focus {
  border-color: #526de4;
}

.c12 {
  display: -webkit-box;
  display: -webkit-flex;
  display: -ms-flexbox;
  display: flex;
  -webkit-flex-direction: column;
  -ms-flex-direction: column;
  flex-direction: column;
  -webkit-flex: 1;
  -ms-flex: 1;
  flex: 1;
  position: relative;
}

.c10 {
  border: 2px solid #526de4;
  background-color: #526de4;
  padding: 2px;
  display: -webkit-inline-box;
  display: -webkit-inline-flex;
  display: -ms-inline-flexbox;
  display: inline-flex;
  -webkit-box-pack: center;
  -webkit-justify-content: center;
  -ms-flex-pack: center;
  justify-content: center;
  -webkit-align-items: center;
  -webkit-box-align: center;
  -ms-flex-align: center;
  align-items: center;
  cursor: pointer;
  position: relative;
  width: 18px;
  height: 18px;
  font-family: Roboto,san-serif;
  font-size: 1em;
  font-weight: 400;
  line-height: 1.65;
}

.c9 {
  font-family: Roboto,san-serif;
  font-size: 1em;
  font-weight: 400;
  line-height: 1.65;
  margin-right: 16px;
}

.c8 {
  display: -webkit-box;
  display: -webkit-flex;
  display: -ms-flexbox;
  display: flex;
  -webkit-box-pack: justify;
  -webkit-justify-content: space-between;
  -ms-flex-pack: justify;
  justify-content: space-between;
  margin: 8px;
  -webkit-align-items: center;
  -webkit-box-align: center;
  -ms-flex-align: center;
  align-items: center;
}

.c7 {
  display: -webkit-box;
  display: -webkit-flex;
  display: -ms-flexbox;
  display: flex;
  -webkit-flex-wrap: wrap;
  -ms-flex-wrap: wrap;
  flex-wrap: wrap;
  margin: 8px 0;
}

.c0 {
  display: -webkit-box;
  display: -webkit-flex;
  display: -ms-flexbox;
  display: flex;
  -webkit-box-flex: 1;
  -webkit-flex-grow: 1;
  -ms-flex-positive: 1;
  flex-grow: 1;
  -webkit-flex-wrap: wrap;
  -ms-flex-wrap: wrap;
  flex-wrap: wrap;
}

.c1 {
  display: -webkit-box;
  display: -webkit-flex;
  display: -ms-flexbox;
  display: flex;
  -webkit-flex-basis: 100%;
  -ms-flex-preferred-size: 100%;
  flex-basis: 100%;
  -webkit-flex-wrap: wrap;
  -ms-flex-wrap: wrap;
  flex-wrap: wrap;
}

.c2 {
  display: -webkit-box;
  display: -webkit-flex;
  display: -ms-flexbox;
  display: flex;
  -webkit-flex: 1 1 100%;
  -ms-flex: 1 1 100%;
  flex: 1 1 100%;
  -webkit-box-pack: center;
  -webkit-justify-content: center;
  -ms-flex-pack: center;
  justify-content: center;
  text-align: center;
  -webkit-align-items: center;
  -webkit-box-align: center;
  -ms-flex-align: center;
  align-items: center;
  font-family: Roboto,san-serif;
  font-size: 1em;
  font-weight: 400;
  line-height: 1.65;
  font-size: 1em;
  font-weight: 700;
  line-height: 1.25;
  -webkit-text-decoration: none;
  text-decoration: none;
  color: inherit;
  padding: 16px;
  margin-bottom: 8px;
  color: #fff;
  -webkit-transition: opacity 100ms ease-in;
  transition: opacity 100ms ease-in;
  background-color: #767676;
}

@media (min-width:768px) {
  .c11 {
    margin-left: 2em;
  }
}

@media (min-width:481px) {
  .c0 {
    margin-bottom: 32px;
    -webkit-box-pack: justify;
    -webkit-justify-content: space-between;
    -ms-flex-pack: justify;
    justify-content: space-between;
  }
}

@media (min-width:768px) {
  .c1 {
    -webkit-flex-wrap: unset;
    -ms-flex-wrap: unset;
    flex-wrap: unset;
  }
}

@media (min-width:481px) {
  .c2 {
    max-width: 50%;
  }
}

@media (min-width:768px) {
  .c2 {
    max-width: 25%;
    margin-bottom: 0px;
  }
}

@media (hover:hover) {
  .c3:hover {
    background-color: #31bd70;
  }
}

@media (hover:hover) {
  .c4:hover {
    background-color: #17a2b8;
  }
}

@media (hover:hover) {
  .c5:hover {
    background-color: #fd7e14;
  }
}

@media (hover:hover) {
  .c6:hover {
    background-color: #7843ab;
  }
}

<div>
  <div
    class="c0"
    data-testid="subnav-container"
  >
    <div
      class="c1"
    >
      <a
        class="c2 c3"
        data-testid="subnav-link-0"
        href="/frameworks-and-lang"
      >
        Frameworks, CMS & Programmeertalen
      </a>
      <a
        class="c2 c4"
        data-testid="subnav-link-1"
        href="/tooling-and-testing"
      >
        Tooling en testing
      </a>
      <a
        class="c2 c5"
        data-testid="subnav-link-2"
        href="/platforms-infra-and-data"
      >
        Platforms, infrastructure & Data
      </a>
      <a
        class="c2 c6"
        data-testid="subnav-link-3"
        href="/technique"
      >
        Technieken
      </a>
    </div>
    <div
      class="c7"
      data-testid="subnav-filters-container"
    >
      <div
        class="c8"
        data-testid="ITR_BE"
      >
        <label
          class="c9"
        >
          Intracto BE
        </label>
        <span
          class="c10"
          data-testid="checkbox"
        >
          <svg
            color="#fff"
            fill="currentColor"
            height="1em"
            stroke="currentColor"
            stroke-width="0"
            style="color: rgb(255, 255, 255);"
            viewBox="0 0 512 512"
            width="1em"
            xmlns="http://www.w3.org/2000/svg"
          >
            <path
              d="M173.898 439.404l-166.4-166.4c-9.997-9.997-9.997-26.206 0-36.204l36.203-36.204c9.997-9.998 26.207-9.998 36.204 0L192 312.69 432.095 72.596c9.997-9.997 26.207-9.997 36.204 0l36.203 36.204c9.997 9.997 9.997 26.206 0 36.204l-294.4 294.401c-9.998 9.997-26.207 9.997-36.204-.001z"
            />
          </svg>
        </span>
      </div>
      <div
        class="c8"
        data-testid="ITR_NL"
      >
        <label
          class="c9"
        >
          Intracto NL
        </label>
        <span
          class="c10"
          data-testid="checkbox"
        >
          <svg
            color="#fff"
            fill="currentColor"
            height="1em"
            stroke="currentColor"
            stroke-width="0"
            style="color: rgb(255, 255, 255);"
            viewBox="0 0 512 512"
            width="1em"
            xmlns="http://www.w3.org/2000/svg"
          >
            <path
              d="M173.898 439.404l-166.4-166.4c-9.997-9.997-9.997-26.206 0-36.204l36.203-36.204c9.997-9.998 26.207-9.998 36.204 0L192 312.69 432.095 72.596c9.997-9.997 26.207-9.997 36.204 0l36.203 36.204c9.997 9.997 9.997 26.206 0 36.204l-294.4 294.401c-9.998 9.997-26.207 9.997-36.204-.001z"
            />
          </svg>
        </span>
      </div>
      <div
        class="c8"
        data-testid="FM"
      >
        <label
          class="c9"
        >
          Frontmen
        </label>
        <span
          class="c10"
          data-testid="checkbox"
        >
          <svg
            color="#fff"
            fill="currentColor"
            height="1em"
            stroke="currentColor"
            stroke-width="0"
            style="color: rgb(255, 255, 255);"
            viewBox="0 0 512 512"
            width="1em"
            xmlns="http://www.w3.org/2000/svg"
          >
            <path
              d="M173.898 439.404l-166.4-166.4c-9.997-9.997-9.997-26.206 0-36.204l36.203-36.204c9.997-9.998 26.207-9.998 36.204 0L192 312.69 432.095 72.596c9.997-9.997 26.207-9.997 36.204 0l36.203 36.204c9.997 9.997 9.997 26.206 0 36.204l-294.4 294.401c-9.998 9.997-26.207 9.997-36.204-.001z"
            />
          </svg>
        </span>
      </div>
    </div>
    <div
      class="c11"
      data-testid="subnav-search-container"
    >
      <div
        class="c12"
      >
        <input
          class="c13"
          data-testid="search-input"
          placeholder="Looking for a technology?"
          value=""
        />
      </div>
      <svg
        class="c14"
        data-testid="search-icon"
        fill="currentColor"
        height="1em"
        stroke="currentColor"
        stroke-width="0"
        viewBox="0 0 512 512"
        width="1em"
        xmlns="http://www.w3.org/2000/svg"
      >
        <path
          d="M443.5 420.2L336.7 312.4c20.9-26.2 33.5-59.4 33.5-95.5 0-84.5-68.5-153-153.1-153S64 132.5 64 217s68.5 153 153.1 153c36.6 0 70.1-12.8 96.5-34.2l106.1 107.1c3.2 3.4 7.6 5.1 11.9 5.1 4.1 0 8.2-1.5 11.3-4.5 6.6-6.3 6.8-16.7.6-23.3zm-226.4-83.1c-32.1 0-62.3-12.5-85-35.2-22.7-22.7-35.2-52.9-35.2-84.9 0-32.1 12.5-62.3 35.2-84.9 22.7-22.7 52.9-35.2 85-35.2s62.3 12.5 85 35.2c22.7 22.7 35.2 52.9 35.2 84.9 0 32.1-12.5 62.3-35.2 84.9-22.7 22.7-52.9 35.2-85 35.2z"
        />
      </svg>
    </div>
  </div>
</div>
`;
