// Jest Snapshot v1, https://goo.gl/fbAQLP

exports[`TechItem it should matches the snapshot with default values 1`] = `
.c0 {
  list-style: none;
  width: 100%;
  -webkit-break-inside: avoid;
  break-inside: avoid;
  overflow: hidden;
}

.c2 {
  max-height: 0px;
  -webkit-transition: max-height 0.2s ease-in-out;
  transition: max-height 0.2s ease-in-out;
  overflow: hidden;
}

.c3 {
  padding: 8px 0px;
  overflow: hidden;
}

.c1 {
  font-family: Roboto,san-serif;
  font-size: 1em;
  font-weight: 400;
  line-height: 1.65;
  cursor: pointer;
  padding: 0px 4px;
  border: 1px solid white;
}

.c4 {
  display: inline-block;
  font-weight: 400;
  -webkit-text-decoration: none;
  text-decoration: none;
  margin-top: 8px;
  width: 100%;
  color: #526de4;
}

@media (min-width:481px) {
  .c0 {
    min-width: 9em;
  }
}

<div>
  <li
    class="c0"
  >
    <div
      class="c1"
      data-testid="label"
    >
      Babel
    </div>
    <div
      class="c2"
      data-testid="details"
    >
      <div
        class="c3"
      >
        <span>
          This is the description. You can use basic html such as the 
          <strong>
            strong tag to emphasise keywords and phrases
          </strong>
           and insert
        </span>
        <a
          class="c4"
          href="/tools/babel"
        >
          Details &gt;
        </a>
      </div>
    </div>
  </li>
</div>
`;
