// Jest Snapshot v1, https://goo.gl/fbAQLP

exports[`Graph should matches the snapshot 1`] = `
.c0 {
  width: 100%;
  max-width: 440px;
  min-width: 280px;
  height: auto;
  margin: 40px auto 50px;
  position: relative;
}

.c1 {
  text-align: center;
}

.c2 {
  display: -webkit-box;
  display: -webkit-flex;
  display: -ms-flexbox;
  display: flex;
  -webkit-align-items: center;
  -webkit-box-align: center;
  -ms-flex-align: center;
  align-items: center;
  -webkit-box-pack: center;
  -webkit-justify-content: center;
  -ms-flex-pack: center;
  justify-content: center;
  position: absolute;
  right: 0;
  bottom: -3%;
  width: 160px;
  padding: 0;
  text-align: center;
  font-weight: bold;
  font-family: Montserrat,san-serif;
  pointer-events: none;
  -webkit-transform: rotateZ( -35deg );
  -ms-transform: rotateZ( -35deg );
  transform: rotateZ( -35deg );
}

.c3 {
  display: -webkit-box;
  display: -webkit-flex;
  display: -ms-flexbox;
  display: flex;
  -webkit-align-items: center;
  -webkit-box-align: center;
  -ms-flex-align: center;
  align-items: center;
  -webkit-box-pack: center;
  -webkit-justify-content: center;
  -ms-flex-pack: center;
  justify-content: center;
  position: absolute;
  left: 0;
  bottom: 2%;
  width: 160px;
  padding: 0;
  text-align: center;
  font-weight: bold;
  font-family: Montserrat,san-serif;
  pointer-events: none;
  -webkit-transform: rotateZ( 35deg );
  -ms-transform: rotateZ( 35deg );
  transform: rotateZ( 35deg );
}

.c4 {
  display: -webkit-box;
  display: -webkit-flex;
  display: -ms-flexbox;
  display: flex;
  -webkit-align-items: center;
  -webkit-box-align: center;
  -ms-flex-align: center;
  align-items: center;
  -webkit-box-pack: center;
  -webkit-justify-content: center;
  -ms-flex-pack: center;
  justify-content: center;
  position: absolute;
  top: 0;
  left: -7%;
  width: 160px;
  padding: 0;
  text-align: center;
  font-weight: bold;
  font-family: Montserrat,san-serif;
  pointer-events: none;
  -webkit-transform: rotateZ( -34deg );
  -ms-transform: rotateZ( -34deg );
  transform: rotateZ( -34deg );
}

.c5 {
  display: -webkit-box;
  display: -webkit-flex;
  display: -ms-flexbox;
  display: flex;
  -webkit-align-items: center;
  -webkit-box-align: center;
  -ms-flex-align: center;
  align-items: center;
  -webkit-box-pack: center;
  -webkit-justify-content: center;
  -ms-flex-pack: center;
  justify-content: center;
  position: absolute;
  top: 5%;
  right: -5%;
  width: 160px;
  padding: 0;
  text-align: center;
  font-weight: bold;
  font-family: Montserrat,san-serif;
  pointer-events: none;
  -webkit-transform: rotateZ( 36deg );
  -ms-transform: rotateZ( 36deg );
  transform: rotateZ( 36deg );
}

@media (min-width:481px) {
  .c0 {
    max-width: 80%;
    margin-top: 16px;
    margin-bottom: 16px;
  }
}

@media (min-width:1024px) {
  .c0 {
    max-width: 50%;
    margin-top: 16px;
    margin-bottom: 64px;
  }
}

@media (min-width:1024px) {
  .c1 {
    position: -webkit-sticky;
    position: sticky;
    top: 0;
  }
}

<div>
  <div
    class="c0"
  >
    <div
      class="c1"
    >
      <svg
        data-testid="graph"
      />
    </div>
    <div
      class="c2"
      data-testid="graph-tooltip-mobile"
    >
      Frameworks, CMS & Programmeertalen
    </div>
    <div
      class="c3"
      data-testid="graph-tooltip-mobile"
    >
      Tooling en testing
    </div>
    <div
      class="c4"
      data-testid="graph-tooltip-mobile"
    >
      Platforms, infrastructure & Data
    </div>
    <div
      class="c5"
      data-testid="graph-tooltip-mobile"
    >
      Technieken
    </div>
  </div>
</div>
`;
