// Jest Snapshot v1, https://goo.gl/fbAQLP

exports[`Graph should matches the snapshot 1`] = `
.c0 {
  width: 100%;
  max-width: 440px;
  min-width: 280px;
  height: auto;
  pointer-events: none;
  margin: 0 auto;
}

@media (min-width:481px) {
  .c0 {
    pointer-events: all;
  }
}

@media (min-width:1024px) {
  .c0 {
    margin: 0;
    margin-left: auto;
    max-width: 50%;
  }
}

@media (min-width:1024px) {
  .c1 {
    position: -webkit-sticky;
    position: sticky;
    top: 0;
  }
}

<div>
  <div
    class="c0"
  >
    <div
      class="c1"
    >
      <svg />
    </div>
  </div>
</div>
`;
