// Jest Snapshot v1, https://goo.gl/fbAQLP

exports[`Graph should matches the snapshot 1`] = `
.c0 {
  width: 100%;
  max-width: 440px;
  min-width: 280px;
  height: auto;
  margin: 0 auto 8px;
}

.c1 {
  text-align: center;
}

@media (min-width:481px) {
  .c0 {
    max-width: 80%;
    margin-bottom: 16px;
  }
}

@media (min-width:1024px) {
  .c0 {
    max-width: 50%;
    margin-bottom: 64px;
  }
}

@media (min-width:1024px) {
  .c1 {
    position: -webkit-sticky;
    position: sticky;
    top: 0;
  }
}

<div>
  <div
    class="c0"
  >
    <div
      class="c1"
    >
      <svg />
    </div>
  </div>
</div>
`;
